// Jest Snapshot v1, https://goo.gl/fbAQLP

exports[`CountsRangesButtons tests should render buttons 1`] = `"<button type=\\"button\\" title=\\"range1\\" style=\\"flex: 1;\\" class=\\"withFocus predefinedRangeButton\\">range1</button><button type=\\"button\\" title=\\"range2\\" style=\\"flex: 1;\\" class=\\"withFocus predefinedRangeButton\\">range2</button><span style=\\"display: flex; flex: 2; position: relative;\\"><span style=\\"position: relative; width: 100%; height: 100%; display: flex;\\"><button type=\\"button\\" style=\\"flex: 1;\\" class=\\"withFocus predefinedRangeButton\\">calculateCounts.more</button></span></span>"`;
